Name	Barcode	Counts
233_ILL_size_150_ECO_16S	GAGCATGCCGATGGTTTGTT	5363
234_ILL_size_300_ECO_16S	AGACTATCGCCTTTAGCCTC	395
235_ILL_size_450_ECO_16S	TGATGTATATAGCCGGCGGC	267
236_ILL_size_600_ECO_16S	CAACGGAACGTGCACTGCAG	111
237_ILL_size_750_ECO_16S	AATGTGAGCGTATCAGGAGA	117
238_ILL_size_900_ECO_16S	CGGCGGGTAGTACCTGTACC	57
239_ILL_size_1050_ECO_16S	GTTCTCCTGCTACAGAGGTT	63
240_ILL_size_1200_ECO_16S	CCCACATGCCGGAACGCACC	29
241_ILL_size_1350_ECO_16S	CCCAAACGTCGGAAAGGTCT	13
242_ILL_size_1500_ECO_16S	AACCAGAGGATGAGACACGT	0
243_ILL_size_150_GAPDH	CCACCTAACAGACACTTGTT	5723
244_ILL_size_300_GAPDH	GCGCCCTGGCGCCGGCCAGG	350
245_ILL_size_450_GAPDH	CTACTAAACAATAATGGGAA	192
246_ILL_size_600_GAPDH	CTGTGTTCGGCCTTCGAGAT	127
247_ILL_size_750_GAPDH	TATGAAATCGGAGTATCAGT	77
248_ILL_size_900_GAPDH	AGCCAAACGTCTGAACAGAT	67
249_ILL_size_1050_GAPDH	CAAGTCCAGGGCACTCGCCT	47
250_ILL_size_1200_GAPDH	ATTTCTACTCATAGGTTCAT	12
251_ILL_size_1350_GAPDH	TTAAGACTGTTAGTTCGAGG	7
252_ILL_size_1500_GAPDH	AGTTACTGGCTTTGTAGGAT	1
253_ILL_size_150_TUB	AACGGTTGATGGGCCTGGTA	6536
254_ILL_size_300_TUB	CGTTGTGTTTGCTGGCGCAA	548
255_ILL_size_450_TUB	GGCTGACGGTTGAGAGGGAT	210
256_ILL_size_600_TUB	TTCACATCGCCTTGACCTTA	74
257_ILL_size_750_TUB	TGGTACTGCCTCCTGGCCTC	71
258_ILL_size_900_TUB	CGACCGTCATTGACGGCCCT	96
259_ILL_size_1050_TUB	TATCACCAGGGATGCATTGA	68
260_ILL_size_1200_TUB	GGACCATATTTAGTTATCAG	9
261_ILL_size_1350_TUB	CGATTTCTAGGTGTTACTTG	0
262_ILL_size_1500_TUB	TTTGAGGGTCGCTACAGAAT	2
